---
source: minijinja/tests/test_compiler.rs
description: "{\n  \"name\": \"World\"\n}\n---\nHello {{ name }}!"
input_file: minijinja/tests/inputs/hello.txt
---
(
    [
        00000 | EmitRaw("{\n  \"name\": \"World\"\n}\n---\nHello ")  [line 1],
        00001 | Lookup("name")  [line 5],
        00002 | Emit,
        00003 | EmitRaw("!"),
    ],
    {},
)
