---
source: minijinja/tests/test_compiler.rs
description: "{\n  \"template\": \"missing_template.txt\"\n}\n---\nBefore\n{% include template ignore missing %}\nAfter"
input_file: minijinja/tests/inputs/include_ignore_missing.txt
---
(
    [
        00000 | EmitRaw("{\n  \"template\": \"missing_template.txt\"\n}\n---\nBefore\n")  [line 1],
        00001 | Lookup("template")  [line 6],
        00002 | Include(true),
        00003 | EmitRaw("\nAfter"),
    ],
    {},
)
