---
source: minijinja/tests/test_compiler.rs
description: "{\n  \"something_true\": true\n}\n---\n{{ 42 if something_true else 23 }}\n{{ 42 if not something_true else 23 }}\n{{ 42 if not something_true }}\n{{ (42 if not something_true) is undefined }}"
input_file: minijinja/tests/inputs/ifexpr.txt
---
(
    [
        00000 | EmitRaw("{\n  \"something_true\": true\n}\n---\n")  [line 1],
        00001 | Lookup("something_true")  [line 5],
        00002 | JumpIfFalse(5),
        00003 | LoadConst(42),
        00004 | Jump(6),
        00005 | LoadConst(23),
        00006 | Emit,
        00007 | EmitRaw("\n"),
        00008 | Lookup("something_true")  [line 6],
        00009 | Not,
        00010 | JumpIfFalse(13),
        00011 | LoadConst(42),
        00012 | Jump(14),
        00013 | LoadConst(23),
        00014 | Emit,
        00015 | EmitRaw("\n"),
        00016 | Lookup("something_true")  [line 7],
        00017 | Not,
        00018 | JumpIfFalse(21),
        00019 | LoadConst(42),
        00020 | Jump(22),
        00021 | LoadConst(undefined),
        00022 | Emit,
        00023 | EmitRaw("\n"),
        00024 | Lookup("something_true")  [line 8],
        00025 | Not,
        00026 | JumpIfFalse(29),
        00027 | LoadConst(42),
        00028 | Jump(30),
        00029 | LoadConst(undefined),
        00030 | PerformTest("undefined", 1, 0),
        00031 | Emit,
    ],
    {},
)
