---
source: minijinja/tests/test_compiler.rs
description: "{\n    \"seq\": 42\n}\n---\n[{% for item in seq %}{% endfor %}]"
input_file: minijinja/tests/inputs/loop_over_non_iterable.txt
---
(
    [
        00000 | EmitRaw("{\n    \"seq\": 42\n}\n---\n[")  [line 1],
        00001 | Lookup("seq")  [line 5],
        00002 | PushLoop(1),
        00003 | Iterate(6),
        00004 | StoreLocal("item"),
        00005 | Jump(3),
        00006 | PopFrame,
        00007 | EmitRaw("]"),
    ],
    {},
)
